  main.cpp
  App.cpp
  Injector.cpp
  ManualMap.cpp
  Process.cpp
  ProcessList.cpp
  Privilege.cpp
  PE.cpp
  imgui.cpp
  imgui_draw.cpp
  imgui_tables.cpp
  imgui_widgets.cpp
  imgui_impl_dx11.cpp
  imgui_impl_win32.cpp
//
Closed error functions
Closed FastInjector.log code.
//

Creating Code
  Previous IPDB not found, fall back to full compilation.
  All 2929 functions were compiled because no usable IPDB/IOBJ from previous compilation was found.
  Creating Code Complete
  FastInjector.vcxproj -> C:\Users\metki\Downloads\Fast Injector\src\FastInjector\x64\Release\FastInjector.exe
